[48;2;0;128;0mbackground should be green                                                      [49m
